// Jest Snapshot v1, https://goo.gl/fbAQLP

exports[`StudentPage should successfully render 1`] = `
<div>
  This is the student view yo!
</div>
`;
